13:01:10 **** Incremental Build of configuration Debug for project 22_10_04_GPIO_LED ****
make -j8 all 
arm-none-eabi-gcc "../Core/Src/main.c" -mcpu=cortex-m4 -std=gnu11 -g3 -DDEBUG -DUSE_HAL_DRIVER -DSTM32F429xx -c -I../Core/Inc -I../Drivers/STM32F4xx_HAL_Driver/Inc -I../Drivers/STM32F4xx_HAL_Driver/Inc/Legacy -I../Drivers/CMSIS/Device/ST/STM32F4xx/Include -I../Drivers/CMSIS/Include -O0 -ffunction-sections -fdata-sections -Wall -fstack-usage -MMD -MP -MF"Core/Src/main.d" -MT"Core/Src/main.o" --specs=nano.specs -mfpu=fpv4-sp-d16 -mfloat-abi=hard -mthumb -o "Core/Src/main.o"
arm-none-eabi-gcc -o "22_10_04_GPIO_LED.elf" @"objects.list"   -mcpu=cortex-m4 -T"C:\Workspace\ARM\22_10_04_GPIO_LED\STM32F429ZITX_FLASH.ld" --specs=nosys.specs -Wl,-Map="22_10_04_GPIO_LED.map" -Wl,--gc-sections -static --specs=nano.specs -mfpu=fpv4-sp-d16 -mfloat-abi=hard -mthumb -Wl,--start-group -lc -lm -Wl,--end-group
Finished building target: 22_10_04_GPIO_LED.elf
 
arm-none-eabi-size   22_10_04_GPIO_LED.elf 
arm-none-eabi-objdump -h -S  22_10_04_GPIO_LED.elf  > "22_10_04_GPIO_LED.list"
   text	   data	    bss	    dec	    hex	filename
  12544	     20	   3492	  16056	   3eb8	22_10_04_GPIO_LED.elf
Finished building: default.size.stdout
 
Finished building: 22_10_04_GPIO_LED.list
 

13:01:12 Build Finished. 0 errors, 0 warnings. (took 1s.225ms)

